задание: 2.1.3
проект: 211-command-usb
устройство: 2e8a:000a
серийный номер: 5303284728F62C9C
порт: COM7
начало: 2026-10-04T20:18:46
   0.000 --> mem_info
   0.001 <-- mem_info
   0.001 <-- dbg read_line:94 got mem_info
   0.002 <-- area       start      end        size
   0.003 <-- flash      0x10000000 0x10200000  2097152
   0.004 <-- sram       0x20000000 0x20042000   270336
   0.005 <-- rom        0x00000000 0x00004000    16384
   0.006 <-- image      0x10000000 0x1000972c    38700
   0.007 <-- free       0x1000972c 0x10200000  2058452
   0.008 <-- boot2      0x10000000 0x10000100      256
   0.009 <-- text       0x10000100 0x10008194    32916
   0.010 <-- data flash 0x10008194 0x1000972c     5528
   0.011 <-- data ram   0x200000c0 0x20001658     5528
   0.013 <-- bss        0x20001658 0x20002410     3512
   0.014 <-- heap       0x20002410 0x20040000   252912
   0.014 <-- stack      0x20041800 0x20042000     2048
   0.015 <-- total
   0.016 <-- flash image    38700 = boot2 256 + text 32916 + data 5528
   0.016 <-- flash free   2058452 of 2097152
   0.017 <-- ram used        9040 = data 5528 + bss 3512
   0.018 <-- ram free      252912 for heap and 2048 for stack
итог: отправлено команд 1, принято строк 20
